// Jest Snapshot v1, https://goo.gl/fbAQLP

exports[`<FilterDropdown /> Should Contain Options Data 1`] = `
<div
  aria-expanded="false"
  class="ui search selection dropdown"
  role="combobox"
  testid="dropdown"
>
  <input
    aria-autocomplete="list"
    autocomplete="off"
    class="search"
    tabindex="0"
    type="text"
    value=""
  />
  <div
    aria-atomic="true"
    aria-live="polite"
    class="text"
    role="alert"
  />
  <i
    aria-hidden="true"
    class="dropdown icon"
  />
  <div
    class="menu transition"
    role="listbox"
  >
    <div
      aria-checked="false"
      aria-selected="true"
      class="selected item"
      role="option"
      style="pointer-events: all;"
    >
      <span
        class="text"
      >
        Gaming
      </span>
    </div>
    <div
      aria-checked="false"
      aria-selected="false"
      class="item"
      role="option"
      style="pointer-events: all;"
    >
      <span
        class="text"
      >
        Toys
      </span>
    </div>
    <div
      aria-checked="false"
      aria-selected="false"
      class="item"
      role="option"
      style="pointer-events: all;"
    >
      <span
        class="text"
      >
        Gifts
      </span>
    </div>
    <div
      aria-checked="false"
      aria-selected="false"
      class="item"
      role="option"
      style="pointer-events: all;"
    >
      <span
        class="text"
      >
        Books
      </span>
    </div>
  </div>
</div>
`;
